export const snapshot = {};

snapshot[`makeCommandList 1`] = `
[
]
`;

snapshot[`makeCommandList 2`] = `
[
  "- \`\$example_command <arg1: string> <arg2: number> <arg3: boolean>\`: some example description",
  "- \`\$blah\`: some example description",
]
`;
